// Jest Snapshot v1, https://goo.gl/fbAQLP

exports[`render Img3 should render error when not found 1`] = `
<DocumentFragment>
  <div
    class="sc-bcXHqe bHDyYL"
  >
    <span />
  </div>
</DocumentFragment>
`;

exports[`render Img3 should render error when timeout 1`] = `
<DocumentFragment>
  <div
    class="sc-bcXHqe bHDyYL"
  >
    <span />
  </div>
</DocumentFragment>
`;
