// Jest Snapshot v1, https://goo.gl/fbAQLP

exports[`renders Loading 1`] = `
<DocumentFragment>
  <div
    class="sc-bcXHqe jwdRIs"
    color="rgba(0,0,0,0.9)"
    size="40"
  >
    <div />
    <div />
    <div />
    <div />
    <div />
    <div />
    <div />
    <div />
    <div />
    <div />
    <div />
    <div />
  </div>
</DocumentFragment>
`;
