// Jest Snapshot v1, https://goo.gl/fbAQLP

exports[`src/Uploader3.tsx should render Uploader3 1`] = `
<div>
  <div
    class="sc-pGaPU dXHKSN"
    role="presentation"
    tabindex="0"
  >
    <button>
      Upload
    </button>
    <input
      accept="image/jpeg,.jpg,.jpeg,image/png,.png,image/gif,.gif,image/svg+xml,.svg"
      style="display: none;"
      tabindex="-1"
      type="file"
    />
  </div>
</div>
`;
